 argument  1 = disp_dimer_ch4_cgmin.nw



============================== echo of input deck ==============================
echo
# calculation for methane dimer Grimme JCC 2004
# with BLYP/TZVP2P

title "ch4_2"


start ch4_2

geometry units angstroms noautoz
 C 0.00000000 0.00000000 1.78977169
 H 0.00000000 0.00000000 2.88489619
 H -0.72912121 0.72912121 1.42221856
 H -0.26687689 -0.99599810 1.42221856
 H 0.99599810 0.26687689 1.42221856
 C 0.00000000 0.00000000 -1.78977169
 H -0.99599810 -0.26687689 -1.42221856
 H 0.00000000 0.00000000 -2.88489619
 H 0.72912121 -0.72912121 -1.42221856
 H 0.26687689 0.99599810 -1.42221856
end


basis "ao basis" spherical noprint
  * library cc-pvdz
end

dft
 cgmin
 xc  becke88 1. lyp 1.
 vectors output ch4_2.movecs
 direct
 disp vdw 1
end
task dft optimize

dft
 cgmin
 disp vdw 3
end
task dft energy
================================================================================


                                         
                                         


              Northwest Computational Chemistry Package (NWChem) 6.6
              ------------------------------------------------------


                    Environmental Molecular Sciences Laboratory
                       Pacific Northwest National Laboratory
                                Richland, WA 99352

                              Copyright (c) 1994-2015
                       Pacific Northwest National Laboratory
                            Battelle Memorial Institute

             NWChem is an open-source computational chemistry package
                        distributed under the terms of the
                      Educational Community License (ECL) 2.0
             A copy of the license is included with this distribution
                              in the LICENSE.TXT file

                                  ACKNOWLEDGMENT
                                  --------------

            This software and its documentation were developed at the
            EMSL at Pacific Northwest National Laboratory, a multiprogram
            national laboratory, operated for the U.S. Department of Energy
            by Battelle under Contract Number DE-AC05-76RL01830. Support
            for this work was provided by the Department of Energy Office
            of Biological and Environmental Research, Office of Basic
            Energy Sciences, and the Office of Advanced Scientific Computing.


           Job information
           ---------------

    hostname        = lagrange
    program         = /home/edo/nwchem-6.6/bin/LINUX64/nwchem
    date            = Thu Sep  3 14:51:06 2015

    compiled        = Thu_Sep_03_14:45:12_2015
    source          = /home/edo/nwchem-6.6
    nwchem branch   = 6.6
    nwchem revision = 27443
    ga revision     = 10584
    input           = disp_dimer_ch4_cgmin.nw
    prefix          = ch4_2.
    data base       = ./ch4_2.db
    status          = startup
    nproc           =        3
    time left       =     -1s



           Memory information
           ------------------

    heap     =   13107196 doubles =    100.0 Mbytes
    stack    =   13107201 doubles =    100.0 Mbytes
    global   =   26214400 doubles =    200.0 Mbytes (distinct from heap & stack)
    total    =   52428797 doubles =    400.0 Mbytes
    verify   = yes
    hardfail = no 


           Directory information
           ---------------------

  0 permanent = .
  0 scratch   = .




                                NWChem Input Module
                                -------------------


                                       ch4_2
                                       -----

 Scaling coordinates for geometry "geometry" by  1.889725989
 (inverse scale =  0.529177249)

 D3D symmetry detected


                             Geometry "geometry" -> ""
                             -------------------------

 Output coordinates in angstroms (scale by  1.889725989 to convert to a.u.)

  No.       Tag          Charge          X              Y              Z
 ---- ---------------- ---------- -------------- -------------- --------------
    1 C                    6.0000     0.00000000     0.00000000     1.78977169
    2 H                    1.0000    -0.00000000     0.00000000     2.88489619
    3 H                    1.0000    -0.72912121     0.72912121     1.42221856
    4 H                    1.0000    -0.26687689    -0.99599810     1.42221856
    5 H                    1.0000     0.99599810     0.26687689     1.42221856
    6 C                    6.0000     0.00000000     0.00000000    -1.78977169
    7 H                    1.0000    -0.99599810    -0.26687689    -1.42221856
    8 H                    1.0000     0.00000000    -0.00000000    -2.88489619
    9 H                    1.0000     0.72912121    -0.72912121    -1.42221856
   10 H                    1.0000     0.26687689     0.99599810    -1.42221856

      Atomic Mass 
      ----------- 

      C                 12.000000
      H                  1.007825


 Effective nuclear repulsion energy (a.u.)      41.3906222755

            Nuclear Dipole moment (a.u.) 
            ----------------------------
        X                 Y               Z
 ---------------- ---------------- ----------------
    -0.0000000000    -0.0000000000    -0.0000000000

      Symmetry information
      --------------------

 Group name             D3d       
 Group number             33
 Group order              12
 No. of unique centers     3

      Symmetry unique atoms

     1    2    3


            XYZ format geometry
            -------------------
    10
 geometry
 C                     0.00000000     0.00000000     1.78977169
 H                    -0.00000000     0.00000000     2.88489619
 H                    -0.72912121     0.72912121     1.42221856
 H                    -0.26687689    -0.99599810     1.42221856
 H                     0.99599810     0.26687689     1.42221856
 C                     0.00000000     0.00000000    -1.78977169
 H                    -0.99599810    -0.26687689    -1.42221856
 H                     0.00000000    -0.00000000    -2.88489619
 H                     0.72912121    -0.72912121    -1.42221856
 H                     0.26687689     0.99599810    -1.42221856

 ==============================================================================
                                internuclear distances
 ------------------------------------------------------------------------------
       center one      |      center two      | atomic units |  angstroms
 ------------------------------------------------------------------------------
    2 H                |   1 C                |     2.06949  |     1.09512
    3 H                |   1 C                |     2.06865  |     1.09468
    4 H                |   1 C                |     2.06865  |     1.09468
    5 H                |   1 C                |     2.06865  |     1.09468
    7 H                |   6 C                |     2.06865  |     1.09468
    8 H                |   6 C                |     2.06949  |     1.09512
    9 H                |   6 C                |     2.06865  |     1.09468
   10 H                |   6 C                |     2.06865  |     1.09468
 ------------------------------------------------------------------------------
                         number of included internuclear distances:          8
 ==============================================================================



 ==============================================================================
                                 internuclear angles
 ------------------------------------------------------------------------------
        center 1       |       center 2       |       center 3       |  degrees
 ------------------------------------------------------------------------------
    2 H                |   1 C                |   3 H                |   109.62
    2 H                |   1 C                |   4 H                |   109.62
    2 H                |   1 C                |   5 H                |   109.62
    3 H                |   1 C                |   4 H                |   109.32
    3 H                |   1 C                |   5 H                |   109.32
    4 H                |   1 C                |   5 H                |   109.32
    7 H                |   6 C                |   8 H                |   109.62
    7 H                |   6 C                |   9 H                |   109.32
    7 H                |   6 C                |  10 H                |   109.32
    8 H                |   6 C                |   9 H                |   109.62
    8 H                |   6 C                |  10 H                |   109.62
    9 H                |   6 C                |  10 H                |   109.32
 ------------------------------------------------------------------------------
                            number of included internuclear angles:         12
 ==============================================================================





                           NWChem Geometry Optimization
                           ----------------------------




                                       ch4_2


 maximum gradient threshold         (gmax) =   0.000450
 rms gradient threshold             (grms) =   0.000300
 maximum cartesian step threshold   (xmax) =   0.001800
 rms cartesian step threshold       (xrms) =   0.001200
 fixed trust radius                (trust) =   0.300000
 maximum step size to saddle      (sadstp) =   0.100000
 energy precision                  (eprec) =   5.0D-06
 maximum number of steps          (nptopt) =   20
 initial hessian option           (inhess) =    0
 line search option               (linopt) =    1
 hessian update option            (modupd) =    1
 saddle point option              (modsad) =    0
 initial eigen-mode to follow     (moddir) =    0
 initial variable to follow       (vardir) =    0
 follow first negative mode     (firstneg) =    T
 apply conjugacy                    (opcg) =    F
 source of zmatrix                         =           


          -------------------
          Energy Minimization
          -------------------


 Using diagonal initial Hessian 

          --------
          Step   0
          --------


                         Geometry "geometry" -> "geometry"
                         ---------------------------------

 Output coordinates in angstroms (scale by  1.889725989 to convert to a.u.)

  No.       Tag          Charge          X              Y              Z
 ---- ---------------- ---------- -------------- -------------- --------------
    1 C                    6.0000     0.00000000     0.00000000     1.78977169
    2 H                    1.0000    -0.00000000     0.00000000     2.88489619
    3 H                    1.0000    -0.72912121     0.72912121     1.42221856
    4 H                    1.0000    -0.26687689    -0.99599810     1.42221856
    5 H                    1.0000     0.99599810     0.26687689     1.42221856
    6 C                    6.0000     0.00000000     0.00000000    -1.78977169
    7 H                    1.0000    -0.99599810    -0.26687689    -1.42221856
    8 H                    1.0000     0.00000000    -0.00000000    -2.88489619
    9 H                    1.0000     0.72912121    -0.72912121    -1.42221856
   10 H                    1.0000     0.26687689     0.99599810    -1.42221856

      Atomic Mass 
      ----------- 

      C                 12.000000
      H                  1.007825


 Effective nuclear repulsion energy (a.u.)      41.3906222755

            Nuclear Dipole moment (a.u.) 
            ----------------------------
        X                 Y               Z
 ---------------- ---------------- ----------------
    -0.0000000000    -0.0000000000    -0.0000000000

      Symmetry information
      --------------------

 Group name             D3d       
 Group number             33
 Group order              12
 No. of unique centers     3

      Symmetry unique atoms

     1    2    3


                                 NWChem DFT Module
                                 -----------------


                                       ch4_2




 Summary of "ao basis" -> "ao basis" (spherical)
 ------------------------------------------------------------------------------
       Tag                 Description            Shells   Functions and Types
 ---------------- ------------------------------  ------  ---------------------
 C                          cc-pvdz                  6       14   3s2p1d
 H                          cc-pvdz                  3        5   2s1p


      Symmetry analysis of basis
      --------------------------

        a1g        13
        a1u         1
        a2g         1
        a2u        13
        eg         20
        eu         20

  Caching 1-el integrals 
  Rotation of axis 

            General Information
            -------------------
          SCF calculation type: DFT
          Wavefunction type:  closed shell.
          No. of atoms     :    10
          No. of electrons :    20
           Alpha electrons :    10
            Beta electrons :    10
          Charge           :     0
          Spin multiplicity:     1
          Use of symmetry is: on ; symmetry adaption is: on 
          Maximum number of iterations:  30
          This is a Direct SCF calculation.
          AO basis - number of functions:    68
                     number of shells:    36
          Convergence on energy requested: 1.00D-06
          Convergence on density requested: 1.00D-05
          Convergence on gradient requested: 5.00D-04

              XC Information
              --------------
                    Becke 1988 Exchange Functional  1.000          
              Lee-Yang-Parr Correlation Functional  1.000          

             Grid Information
             ----------------
          Grid used for XC integration:  medium    
          Radial quadrature: Mura-Knowles        
          Angular quadrature: Lebedev. 
          Tag              B.-S. Rad. Rad. Pts. Rad. Cut. Ang. Pts.
          ---              ---------- --------- --------- ---------
          C                   0.70       49          12.0       434
          H                   0.35       45          13.0       434
          Grid pruning is: on 
          Number of quadrature shells:   139
          Spatial weights used:  Erf1

          Convergence Information
          -----------------------
          Convergence aids based upon iterative change in 
          total energy or number of iterations. 
          Levelshifting, if invoked, occurs when the 
          HOMO/LUMO gap drops below (HL_TOL): 1.00D-02
          DIIS, if invoked, will attempt to extrapolate 
          using up to (NFOCK): 10 stored Fock matrices.

                    Damping( 0%)  Levelshifting(0.5)       DIIS
                  --------------- ------------------- ---------------
          dE  on:    start            ASAP                start   
          dE off:    2 iters         30 iters            30 iters 


      Screening Tolerance Information
      -------------------------------
          Density screening/tol_rho: 1.00D-10
          AO Gaussian exp screening on grid/accAOfunc:  14
          CD Gaussian exp screening on grid/accCDfunc:  20
          XC Gaussian exp screening on grid/accXCfunc:  20
          Schwarz screening/accCoul: 1.00D-08


      Superposition of Atomic Density Guess
      -------------------------------------

 Sum of atomic energies:         -79.32652423

      Non-variational initial energy
      ------------------------------

 Total energy =     -80.473601
 1-e energy   =    -185.628888
 2-e energy   =      63.764664
 HOMO         =      -0.501503
 LUMO         =       0.085311


      Symmetry analysis of molecular orbitals - initial
      -------------------------------------------------

  Numbering of irreducible representations: 

     1 a1g         2 a1u         3 a2g         4 a2u         5 eg      
     6 eu      

  Orbital symmetries:

     1 a1g         2 a2u         3 a1g         4 a2u         5 a1g     
     6 eu          7 eu          8 eg          9 eg         10 a2u     
    11 a1g        12 a2u        13 eu         14 eu         15 a1g     
    16 a2u        17 eg         18 eg         19 a1g        20 eu      



 ----------------------------------------------
         Quadratically convergent ROKS

 Convergence threshold     :          5.000E-04
 Maximum no. of iterations :           30
 Final Fock-matrix accuracy:          1.000E-07
 ----------------------------------------------


 Grid_pts file          = ./ch4_2.gridpts.0
 Record size in doubles =  12289        No. of grid_pts per rec  =   3070
 Max. records in memory =      9        Max. recs in file   =   1047083


              iter       energy          gnorm     gmax       time
             ----- ------------------- --------- --------- --------
                 1      -80.9310297446  6.39D-01  1.96D-01      2.4
                 2      -80.9507547655  1.84D-01  4.11D-02      2.9
