 argument  1 = h2o.nw



============================== echo of input deck ==============================
echo
start h2o

memory global 40 mb stack 23 mb heap 5 mb

permanent_dir ./perm
scratch_dir ./data
geometry units au
 O 0       0        0
 H 0       1.430   -1.107
 H 0      -1.430   -1.107
end


basis
  O library 6-31g*
  H library 6-31g*
end

scf
 rohf
 singlet
end

rism
 closure kh
 tol 0.1e-6
 temp 298
 vdw rule arithmetic parameters vdw.par
 solute configuration solute2.data
 solvent model solvent3.data rdf full.data
#solvent permittivity 3.0
 ngrid 4096
end
task dft  energy rism

================================================================================


                                         
                                         


              Northwest Computational Chemistry Package (NWChem) 6.5
              ------------------------------------------------------


                    Environmental Molecular Sciences Laboratory
                       Pacific Northwest National Laboratory
                                Richland, WA 99352

                              Copyright (c) 1994-2013
                       Pacific Northwest National Laboratory
                            Battelle Memorial Institute

             NWChem is an open-source computational chemistry package
                        distributed under the terms of the
                      Educational Community License (ECL) 2.0
             A copy of the license is included with this distribution
                              in the LICENSE.TXT file

                                  ACKNOWLEDGMENT
                                  --------------

            This software and its documentation were developed at the
            EMSL at Pacific Northwest National Laboratory, a multiprogram
            national laboratory, operated for the U.S. Department of Energy
            by Battelle under Contract Number DE-AC05-76RL01830. Support
            for this work was provided by the Department of Energy Office
            of Biological and Environmental Research, Office of Basic
            Energy Sciences, and the Office of Advanced Scientific Computing.


           Job information
           ---------------

    hostname        = chuev
    program         = nwchem
    date            = Thu Aug  6 06:57:30 2015

    compiled        = Thu_Aug_06_04:16:53_2015
    source          = /home/gena/codes/nwchem
    nwchem branch   = Development
    nwchem revision = 27227
    ga revision     = 10568
    input           = h2o.nw
    prefix          = h2o.
    data base       = ./perm/h2o.db
    status          = startup
    nproc           =        1
    time left       =     -1s



           Memory information
           ------------------

    heap     =     655360 doubles =      5.0 Mbytes
    stack    =    3014653 doubles =     23.0 Mbytes
    global   =    5242880 doubles =     40.0 Mbytes (distinct from heap & stack)
    total    =    8912893 doubles =     68.0 Mbytes
    verify   = yes
    hardfail = no 


           Directory information
           ---------------------

  0 permanent = ./perm
  0 scratch   = ./data




                                NWChem Input Module
                                -------------------


 C2V symmetry detected

          ------
          auto-z
          ------


                             Geometry "geometry" -> ""
                             -------------------------

 Output coordinates in a.u. (scale by  1.000000000 to convert to a.u.)

  No.       Tag          Charge          X              Y              Z
 ---- ---------------- ---------- -------------- -------------- --------------
    1 O                    8.0000     0.00000000     0.00000000     0.22140000
    2 H                    1.0000    -1.43000000     0.00000000    -0.88560000
    3 H                    1.0000     1.43000000     0.00000000    -0.88560000

      Atomic Mass 
      ----------- 

      O                 15.994910
      H                  1.007825


 Effective nuclear repulsion energy (a.u.)       9.1971984402

            Nuclear Dipole moment (a.u.) 
            ----------------------------
        X                 Y               Z
 ---------------- ---------------- ----------------
     0.0000000000     0.0000000000     0.0000000000

      Symmetry information
      --------------------

 Group name             C2v       
 Group number             16
 Group order               4
 No. of unique centers     2

      Symmetry unique atoms

     1    2



                                Z-matrix (autoz)
                                -------- 

 Units are Angstrom for bonds and degrees for angles

      Type          Name      I     J     K     L     M      Value
      ----------- --------  ----- ----- ----- ----- ----- ----------
    1 Stretch                  1     2                       0.95697
    2 Stretch                  1     3                       0.95697
    3 Bend                     2     1     3               104.51124


            XYZ format geometry
            -------------------
     3
 geometry
 O                     0.00000000     0.00000000     0.11715984
 H                    -0.75672347     0.00000000    -0.46863937
 H                     0.75672347     0.00000000    -0.46863937

 ==============================================================================
                                internuclear distances
 ------------------------------------------------------------------------------
       center one      |      center two      | atomic units |       a.u.
 ------------------------------------------------------------------------------
    2 H                |   1 O                |     1.80841  |     1.80841
    3 H                |   1 O                |     1.80841  |     1.80841
 ------------------------------------------------------------------------------
                         number of included internuclear distances:          2
 ==============================================================================



 ==============================================================================
                                 internuclear angles
 ------------------------------------------------------------------------------
        center 1       |       center 2       |       center 3       |  degrees
 ------------------------------------------------------------------------------
    2 H                |   1 O                |   3 H                |   104.51
 ------------------------------------------------------------------------------
                            number of included internuclear angles:          1
 ==============================================================================



                      Basis "ao basis" -> "" (cartesian)
                      -----
  O (Oxygen)
  ----------
            Exponent  Coefficients 
       -------------- ---------------------------------------------------------
  1 S  5.48467170E+03  0.001831
  1 S  8.25234950E+02  0.013950
  1 S  1.88046960E+02  0.068445
  1 S  5.29645000E+01  0.232714
  1 S  1.68975700E+01  0.470193
  1 S  5.79963530E+00  0.358521

  2 S  1.55396160E+01 -0.110778
  2 S  3.59993360E+00 -0.148026
  2 S  1.01376180E+00  1.130767

  3 P  1.55396160E+01  0.070874
  3 P  3.59993360E+00  0.339753
  3 P  1.01376180E+00  0.727159

  4 S  2.70005800E-01  1.000000

  5 P  2.70005800E-01  1.000000

  6 D  8.00000000E-01  1.000000

  H (Hydrogen)
  ------------
            Exponent  Coefficients 
       -------------- ---------------------------------------------------------
  1 S  1.87311370E+01  0.033495
  1 S  2.82539370E+00  0.234727
  1 S  6.40121700E-01  0.813757

  2 S  1.61277800E-01  1.000000



 Summary of "ao basis" -> "" (cartesian)
 ------------------------------------------------------------------------------
       Tag                 Description            Shells   Functions and Types
 ---------------- ------------------------------  ------  ---------------------
 O                           6-31g*                  6       15   3s2p1d
 H                           6-31g*                  2        2   2s


 ****************************************************
 *   NWChem 1D-RISM Module                          *
 *                                                  *
 *   Marat Valiev and Gennady N. Chuev 2011         *
 ****************************************************
 ------------------------------------------------------------------------
 reading coordinatesrism_read_solute_file_xyz                        0
 ------------------------------------------------------------------------
 ------------------------------------------------------------------------
  current input line : 
    35: task dft  energy rism
 ------------------------------------------------------------------------
 ------------------------------------------------------------------------
 This error has not yet been assigned to a category
 ------------------------------------------------------------------------
 For more information see the NWChem manual at http://www.nwchem-sw.org/index.php/NWChem_Documentation


 For further details see manual section: No section for this category                                                                                                                                                                                                                                   
