 argument  1 = h2o.nw



============================== echo of input deck ==============================
echo
start h2o

memory global 40 mb stack 23 mb heap 5 mb

permanent_dir ./perm
scratch_dir ./data
geometry units au
 O 0       0        0
 H 0       1.430   -1.107
 H 0      -1.430   -1.107
end


basis
  O library 6-31g*
  H library 6-31g*
end

scf
 rohf
 singlet
end

rism
 closure kh
 tol 0.1e-6
 temp 298
 vdw rule arithmetic parameters vdw.par
 solute configuration solute2.data
 solvent model solvent3.data rdf full.data
#solvent permittivity 3.0
 ngrid 4096
end
task dft  energy rism

================================================================================


                                         
                                         


              Northwest Computational Chemistry Package (NWChem) 6.5
              ------------------------------------------------------


                    Environmental Molecular Sciences Laboratory
                       Pacific Northwest National Laboratory
                                Richland, WA 99352

                              Copyright (c) 1994-2013
                       Pacific Northwest National Laboratory
                            Battelle Memorial Institute

             NWChem is an open-source computational chemistry package
                        distributed under the terms of the
                      Educational Community License (ECL) 2.0
             A copy of the license is included with this distribution
                              in the LICENSE.TXT file

                                  ACKNOWLEDGMENT
                                  --------------

            This software and its documentation were developed at the
            EMSL at Pacific Northwest National Laboratory, a multiprogram
            national laboratory, operated for the U.S. Department of Energy
            by Battelle under Contract Number DE-AC05-76RL01830. Support
            for this work was provided by the Department of Energy Office
            of Biological and Environmental Research, Office of Basic
            Energy Sciences, and the Office of Advanced Scientific Computing.


           Job information
           ---------------

    hostname        = chuev
    program         = nwchem
    date            = Thu Aug  6 07:23:17 2015

    compiled        = Thu_Aug_06_07:22:35_2015
    source          = /home/gena/codes/nwchem
    nwchem branch   = Development
    nwchem revision = 27227
    ga revision     = 10568
    input           = h2o.nw
    prefix          = h2o.
    data base       = ./perm/h2o.db
    status          = startup
    nproc           =        1
    time left       =     -1s



           Memory information
           ------------------

    heap     =     655360 doubles =      5.0 Mbytes
    stack    =    3014653 doubles =     23.0 Mbytes
    global   =    5242880 doubles =     40.0 Mbytes (distinct from heap & stack)
    total    =    8912893 doubles =     68.0 Mbytes
    verify   = yes
    hardfail = no 


           Directory information
           ---------------------

  0 permanent = ./perm
  0 scratch   = ./data




                                NWChem Input Module
                                -------------------


 C2V symmetry detected

          ------
          auto-z
          ------


                             Geometry "geometry" -> ""
                             -------------------------

 Output coordinates in a.u. (scale by  1.000000000 to convert to a.u.)

  No.       Tag          Charge          X              Y              Z
 ---- ---------------- ---------- -------------- -------------- --------------
    1 O                    8.0000     0.00000000     0.00000000     0.22140000
    2 H                    1.0000    -1.43000000     0.00000000    -0.88560000
    3 H                    1.0000     1.43000000     0.00000000    -0.88560000

      Atomic Mass 
      ----------- 

      O                 15.994910
      H                  1.007825


 Effective nuclear repulsion energy (a.u.)       9.1971984402

            Nuclear Dipole moment (a.u.) 
            ----------------------------
        X                 Y               Z
 ---------------- ---------------- ----------------
     0.0000000000     0.0000000000     0.0000000000

      Symmetry information
      --------------------

 Group name             C2v       
 Group number             16
 Group order               4
 No. of unique centers     2

      Symmetry unique atoms

     1    2



                                Z-matrix (autoz)
                                -------- 

 Units are Angstrom for bonds and degrees for angles

      Type          Name      I     J     K     L     M      Value
      ----------- --------  ----- ----- ----- ----- ----- ----------
    1 Stretch                  1     2                       0.95697
    2 Stretch                  1     3                       0.95697
    3 Bend                     2     1     3               104.51124


            XYZ format geometry
            -------------------
     3
 geometry
 O                     0.00000000     0.00000000     0.11715984
 H                    -0.75672347     0.00000000    -0.46863937
 H                     0.75672347     0.00000000    -0.46863937

 ==============================================================================
                                internuclear distances
 ------------------------------------------------------------------------------
       center one      |      center two      | atomic units |       a.u.
 ------------------------------------------------------------------------------
    2 H                |   1 O                |     1.80841  |     1.80841
    3 H                |   1 O                |     1.80841  |     1.80841
 ------------------------------------------------------------------------------
                         number of included internuclear distances:          2
 ==============================================================================



 ==============================================================================
                                 internuclear angles
 ------------------------------------------------------------------------------
        center 1       |       center 2       |       center 3       |  degrees
 ------------------------------------------------------------------------------
    2 H                |   1 O                |   3 H                |   104.51
 ------------------------------------------------------------------------------
                            number of included internuclear angles:          1
 ==============================================================================



                      Basis "ao basis" -> "" (cartesian)
                      -----
  O (Oxygen)
  ----------
            Exponent  Coefficients 
       -------------- ---------------------------------------------------------
  1 S  5.48467170E+03  0.001831
  1 S  8.25234950E+02  0.013950
  1 S  1.88046960E+02  0.068445
  1 S  5.29645000E+01  0.232714
  1 S  1.68975700E+01  0.470193
  1 S  5.79963530E+00  0.358521

  2 S  1.55396160E+01 -0.110778
  2 S  3.59993360E+00 -0.148026
  2 S  1.01376180E+00  1.130767

  3 P  1.55396160E+01  0.070874
  3 P  3.59993360E+00  0.339753
  3 P  1.01376180E+00  0.727159

  4 S  2.70005800E-01  1.000000

  5 P  2.70005800E-01  1.000000

  6 D  8.00000000E-01  1.000000

  H (Hydrogen)
  ------------
            Exponent  Coefficients 
       -------------- ---------------------------------------------------------
  1 S  1.87311370E+01  0.033495
  1 S  2.82539370E+00  0.234727
  1 S  6.40121700E-01  0.813757

  2 S  1.61277800E-01  1.000000



 Summary of "ao basis" -> "" (cartesian)
 ------------------------------------------------------------------------------
       Tag                 Description            Shells   Functions and Types
 ---------------- ------------------------------  ------  ---------------------
 O                           6-31g*                  6       15   3s2p1d
 H                           6-31g*                  2        2   2s


 ****************************************************
 *   NWChem 1D-RISM Module                          *
 *                                                  *
 *   Marat Valiev and Gennady N. Chuev 2011         *
 ****************************************************
                  1D-RISM Calculation Parameters
                  ------------------------------
Number of grid points           4096
Closure type                    kh              
VDW combination rule            arithmetic      
Solvent permittivity             1.000    
Coulomb decay length             1.000    
Convergence tolerance           0.1000E-06
Mixing parameter                 0.000    
Temperature                      298.0    
Diis iterations                    9
Solvent rdf file                full.data                                                               
Solute configuration file       solute2.data                                                            
                       Solute configuration
                       --------------------
name type       x           y           z           sigma       eps         charge
O1   O1        -1.092111    0.733461    1.237573    2.960000    0.879200   -1.104415
O2   O2         0.758765   -0.201687    0.473908    2.960000    0.879200   -1.043019
C1   C1        -0.212954    1.568653   -0.833617    3.400000    0.458000   -0.474263
C2   C2        -0.174205    0.630432    0.357135    3.400000    0.360100    1.276672
H1   H1         0.360636    1.160405   -1.668859    2.115000    0.065700    0.102898
H2   H2         0.242419    2.521128   -0.531952    2.115000    0.065700    0.118979
H3   H3        -1.243967    1.772778   -1.139547    2.115000    0.065700    0.123148
 node   0:   calling rism wrapper
 node   0:   rism_wrapper 1
 node   0:   rism_wrapper 2
 node   0:   rism_wrapper 3
 node   0:   getting ready for main rism
 starting iterations
                    2                    2   3.3847904027705238     
                    3                    3   1.6374167494092915     
                    4                    4   1.6758133256055845     
                    5                    5   1.7759776639632203     
                    6                    6   2.3343277267452338     
                    7                    7   3.1698859006346525     
                    8                    8   4.4876155303488625     
                    9                    9   6.4862117294546708     
                   10                    9   9.7037184081754049     
                   11                    9  0.17250187238879186     
                   12                    9  0.17251180099000615     
                   13                    9  0.18148208419214812     
                   14                    9  0.19807783579680038     
                   15                    9  0.21261597115634184     
                   16                    9  0.11413420106912436     
                   17                    9   9.7107837706430306E-002
                   18                    9   7.8868996607183467E-002
                   19                    9   5.2224292121653269E-002
                   20                    9   4.2850677429198417E-002
                   21                    9   3.6026216340238268E-002
                   22                    9   2.7722524583829965E-002
                   23                    9   2.2331276763271166E-002
                   24                    9   2.0535197893973199E-002
                   25                    9   2.1699158698091359E-002
                   26                    9   1.9781088811646315E-002
                   27                    9   2.0932932835907778E-002
                   28                    9   1.9840239641409321E-002
                   29                    9   1.9750728182130070E-002
                   30                    9   2.0285092769470409E-002
                   31                    9   2.0030516179825389E-002
                   32                    9   1.9919486344843088E-002
                   33                    9   1.9792165004360800E-002
                   34                    9   1.8730888734526555E-002
                   35                    9   1.5239788286531329E-002
                   36                    9   2.0905109303310906E-002
                   37                    9   1.9756506980644954E-002
                   38                    9   1.6597802540390335E-002
                   39                    9   1.3083233400639181E-002
                   40                    9   9.1306363711804329E-003
                   41                    9   8.1818131952912879E-003
                   42                    9   7.0948064927286066E-003
                   43                    9   6.9577192399595013E-003
                   44                    9   6.9545405290465587E-003
                   45                    9   6.7114563446312439E-003
                   46                    9   7.0147844825974078E-003
                   47                    9   7.0183285454491311E-003
                   48                    9   7.0069152906678568E-003
                   49                    9   6.5350077708780843E-003
                   50                    9   6.7730606050550729E-003
                   51                    9   6.4446537068991892E-003
                   52                    9   5.5016513959786620E-003
                   53                    9   4.8551519250744114E-003
                   54                    9   4.6235091187491481E-003
                   55                    9   4.3764040279905946E-003
                   56                    9   4.3460582065944896E-003
                   57                    9   4.1580427021897914E-003
                   58                    9   5.3982762762077403E-003
                   59                    9   4.9908243872490874E-003
                   60                    9   5.2777868958027840E-003
                   61                    9   5.1395753761266276E-003
                   62                    9   5.0508686912720769E-003
                   63                    9   4.8271467722611318E-003
                   64                    9   4.9406769817205293E-003
                   65                    9   4.9585123587688740E-003
                   66                    9   4.7715032532896513E-003
                   67                    9   4.4289657428771591E-003
                   68                    9   4.4740398679926846E-003
                   69                    9   4.0097975464946228E-003
                   70                    9   3.9475742745427346E-003
                   71                    9   3.7730381654576613E-003
                   72                    9   4.1436996372682467E-003
                   73                    9   4.0662928997603634E-003
                   74                    9   4.0489270974975273E-003
                   75                    9   3.9967396857280846E-003
                   76                    9   4.1865359297348368E-003
                   77                    9   4.1638283383829498E-003
                   78                    9   4.2276225408286461E-003
                   79                    9   4.2610806640097998E-003
                   80                    9   4.1538131651018446E-003
                   81                    9   3.8605628906826341E-003
                   82                    9   4.5177271512498313E-003
                   83                    9   4.2559232467243250E-003
                   84                    9   4.2689062044984297E-003
                   85                    9   4.0206269517078751E-003
                   86                    9   4.0004685082760975E-003
                   87                    9   3.7712813426741534E-003
                   88                    9   4.5020174835260470E-003
                   89                    9   3.6907594870236571E-003
                   90                    9   4.1696877097188740E-003
                   91                    9   3.8088047579508317E-003
                   92                    9   3.5824683726418147E-003
                   93                    9   3.5680266732207666E-003
                   94                    9   3.6586391474157463E-003
                   95                    9   3.0153572482912081E-003
                   96                    9   2.9925957910788684E-003
                   97                    9   3.0269635488485848E-003
                   98                    9   3.1276828487919487E-003
                   99                    9   2.9021396635254284E-003
                  100                    9   2.5058319538781857E-003
                  101                    9   2.7322646256742302E-003
                  102                    9   2.8525689985840264E-003
                  103                    9   2.7883976548740107E-003
                  104                    9   2.6946505452643018E-003
                  105                    9   2.6607964020442828E-003
                  106                    9   2.6859540902038569E-003
                  107                    9   2.7041909532455615E-003
                  108                    9   2.7030959520524390E-003
                  109                    9   2.9165463241382496E-003
                  110                    9   2.6979063685847364E-003
                  111                    9   2.8163312839599971E-003
                  112                    9   2.8397498033123224E-003
                  113                    9   2.8288805020441322E-003
                  114                    9   2.9965510848154230E-003
                  115                    9   2.9855336218029844E-003
                  116                    9   3.0399392442474506E-003
                  117                    9   2.8830898891222855E-003
                  118                    9   2.8365953082416517E-003
                  119                    9   2.7933525034374851E-003
                  120                    9   2.8698044070478964E-003
                  121                    9   2.6933025936638297E-003
                  122                    9   2.7300774066570952E-003
                  123                    9   2.4648205936643390E-003
                  124                    9   2.8200472588088242E-003
                  125                    9   2.7110643367312215E-003
                  126                    9   2.6535627377384085E-003
                  127                    9   2.3113509215130961E-003
                  128                    9   2.3308042717473045E-003
                  129                    9   2.2311135514306514E-003
                  130                    9   2.3486285338393765E-003
                  131                    9   2.0575713266225790E-003
                  132                    9   2.0057581651805301E-003
                  133                    9   1.9195512921909650E-003
                  134                    9   1.8831182831659063E-003
                  135                    9   1.9968546232167679E-003
                  136                    9   1.9994316622964584E-003
                  137                    9   1.9941612799860590E-003
                  138                    9   1.9379122112418048E-003
                  139                    9   1.9794462722325140E-003
                  140                    9   1.9684509500534015E-003
                  141                    9   1.7914875566036538E-003
                  142                    9   1.8199457795248083E-003
                  143                    9   1.7305408023398688E-003
                  144                    9   1.4389644362426386E-003
                  145                    9   1.0148328828575924E-003
                  146                    9   7.3156840047385746E-004
                  147                    9   4.9497249928768020E-004
                  148                    9   3.2910379667931575E-004
                  149                    9   2.5148075607821577E-004
                  150                    9   2.3256457939443647E-004
                  151                    9   2.2142596496928796E-004
                  152                    9   1.7976601559716629E-004
                  153                    9   1.5554565156522995E-004
                  154                    9   1.3867829828238191E-004
                  155                    9   9.7263805043134010E-005
                  156                    9   6.6551081666149693E-005
                  157                    9   5.6230505735682908E-005
                  158                    9   4.8140617141820438E-005
                  159                    9   4.3719440565850789E-005
                  160                    9   4.0064737765324345E-005
                  161                    9   3.5474122908357143E-005
                  162                    9   3.0559343258805389E-005
                  163                    9   2.7525872362423792E-005
                  164                    9   2.3591958841611237E-005
                  165                    9   2.2002508297782662E-005
                  166                    9   1.8184225534081547E-005
                  167                    9   1.2716876601155154E-005
                  168                    9   1.1820160640763218E-005
                  169                    9   1.0047859866221671E-005
                  170                    9   9.7635591400055714E-006
                  171                    9   9.4517028661921703E-006
                  172                    9   9.5002897762961173E-006
                  173                    9   9.3427478351848822E-006
                  174                    9   1.0075975880125554E-005
                  175                    9   9.8051154111228905E-006
                  176                    9   1.0113983620646216E-005
                  177                    9   9.4253263403560838E-006
                  178                    9   9.2432398016773770E-006
                  179                    9   9.2573820451042364E-006
                  180                    9   8.3415402043553323E-006
                  181                    9   9.0372686875286929E-006
                  182                    9   9.3906743485684051E-006
                  183                    9   8.5344021644926477E-006
                  184                    9   8.2106775388808800E-006
                  185                    9   6.6028350450142400E-006
                  186                    9   4.6093459270489893E-006
                  187                    9   3.9138110788643957E-006
                  188                    9   3.8811218546520534E-006
                  189                    9   3.4817177932434984E-006
                  190                    9   3.0040638039221828E-006
                  191                    9   1.8906681440557187E-006
                  192                    9   1.2865849566775533E-006
                  193                    9   1.0523967375631103E-006
                  194                    9   8.9767893744123655E-007
                  195                    9   7.6632585828168829E-007
                  196                    9   5.2241922792250320E-007
                  197                    9   4.8240591123938769E-007
                  198                    9   4.2447598770782266E-007
                  199                    9   4.7128894885576334E-007
                  200                    9   3.8535800865749914E-007
                  201                    9   3.4526062045156807E-007
                  202                    9   2.3743042345716047E-007
                  203                    9   2.0290891838584969E-007
                  204                    9   1.7650857619352366E-007
                  205                    9   1.6187001626097655E-007
                  206                    9   1.5256044976095621E-007
                  207                    9   1.3643371505654592E-007
                  208                    9   1.1413298199855309E-007
                  209                    9   1.0008537279390092E-007
                  210                    9   8.0200891202821185E-008
Chemical potential(hnc approximation)      -116.0239
Chemical potential(gaussian approximation) -123.2645
 node   0:   completed task rism

 Task  times  cpu:       41.0s     wall:       27.0s
 Summary of allocated global arrays
-----------------------------------
  No active global arrays



                         GA Statistics for process    0
                         ------------------------------

       create   destroy   get      put      acc     scatter   gather  read&inc
calls:    0        0        0        0        0        0        0        0     
number of processes/call 0.00e+00 0.00e+00 0.00e+00 0.00e+00 0.00e+00
bytes total:             0.00e+00 0.00e+00 0.00e+00 0.00e+00 0.00e+00 0.00e+00
bytes remote:            0.00e+00 0.00e+00 0.00e+00 0.00e+00 0.00e+00 0.00e+00
Max memory consumed for GA by this process: 0 bytes
MA_summarize_allocated_blocks: starting scan ...
MA_summarize_allocated_blocks: scan completed: 0 heap blocks, 0 stack blocks
MA usage statistics:

	allocation statistics:
					      heap	     stack
					      ----	     -----
	current number of blocks	         0	         0
	maximum number of blocks	        42	         6
	current total bytes		         0	         0
	maximum total bytes		   1677480	      3016
	maximum total K-bytes		      1678	         4
	maximum total M-bytes		         2	         1


                                NWChem Input Module
                                -------------------





                                     CITATION
                                     --------
                Please cite the following reference when publishing
                           results obtained with NWChem:

                 M. Valiev, E.J. Bylaska, N. Govind, K. Kowalski,
              T.P. Straatsma, H.J.J. van Dam, D. Wang, J. Nieplocha,
                        E. Apra, T.L. Windus, W.A. de Jong
                 "NWChem: a comprehensive and scalable open-source
                  solution for large scale molecular simulations"
                      Comput. Phys. Commun. 181, 1477 (2010)
                           doi:10.1016/j.cpc.2010.04.018

                                      AUTHORS
                                      -------
          E. Apra, E. J. Bylaska, W. A. de Jong, N. Govind, K. Kowalski,
       T. P. Straatsma, M. Valiev, H. J. J. van Dam, D. Wang, T. L. Windus,
        J. Hammond, J. Autschbach, K. Bhaskaran-Nair, J. Brabec, K. Lopata,
        S. Krishnamoorthy, W. Ma, M. Klemm, O. Villa, Y. Chen, V. Anisimov,
    F. Aquino, S. Hirata, M. T. Hackler, T. Risthaus, M. Malagoli, A. Marenich,
   A. Otero-de-la-Roza, J. Mullin, P. Nichols, R. Peverati, J. Pittner, Y. Zhao,
          P.-D. Fan, A. Fonari, M. Williamson, R. J. Harrison, M. Dupuis,
     D. Silverstein, D. M. A. Smith, J. Nieplocha, V. Tipparaju, M. Krishnan,
       B. E. Van Kuiken, A. Vazquez-Mayagoitia, L. Jensen, M. Swart, Q. Wu,
   T. Van Voorhis, A. A. Auer, M. Nooijen, L. D. Crosby, E. Brown, G. Cisneros,
     G. I. Fann, H. Fruchtl, J. Garza, K. Hirao, R. A. Kendall, J. A. Nichols,
       K. Tsemekhman, K. Wolinski, J. Anchell, D. E. Bernholdt, P. Borowski,
       T. Clark, D. Clerc, H. Dachsel, M. J. O. Deegan, K. Dyall, D. Elwood,
      E. Glendening, M. Gutowski, A. C. Hess, J. Jaffe, B. G. Johnson, J. Ju,
        R. Kobayashi, R. Kutteh, Z. Lin, R. Littlefield, X. Long, B. Meng,
      T. Nakajima, S. Niu, L. Pollack, M. Rosing, K. Glaesemann, G. Sandrone,
      M. Stave, H. Taylor, G. Thomas, J. H. van Lenthe, A. T. Wong, Z. Zhang.

 Total times  cpu:       41.3s     wall:       27.3s
