 argument  1 = h2o-response.nw
 


============================== echo of input deck ==============================
echo
start h2o-response

memory global 40 mb stack 23 mb heap 5 mb

geometry units au
 O 0       0        0
 H 0       1.430   -1.107
 H 0      -1.430   -1.107
end

basis
  O library 6-31g*
  H library 6-31g*
end

dft
 xc b3lyp
end

set cphf:thresh 1.0d-6
set cphf:acc 1.0d-16
set cphf:maxiter 60

property
 dipole
 aoresponse  1 .0911267060
 velocity
 damping 0.007
end

task dft property
================================================================================


                                         
                                         
 
 
              Northwest Computational Chemistry Package (NWChem) 6.6
              ------------------------------------------------------
 
 
                    Environmental Molecular Sciences Laboratory
                       Pacific Northwest National Laboratory
                                Richland, WA 99352
 
                              Copyright (c) 1994-2015
                       Pacific Northwest National Laboratory
                            Battelle Memorial Institute
 
             NWChem is an open-source computational chemistry package
                        distributed under the terms of the
                      Educational Community License (ECL) 2.0
             A copy of the license is included with this distribution
                              in the LICENSE.TXT file
 
                                  ACKNOWLEDGMENT
                                  --------------

            This software and its documentation were developed at the
            EMSL at Pacific Northwest National Laboratory, a multiprogram
            national laboratory, operated for the U.S. Department of Energy
            by Battelle under Contract Number DE-AC05-76RL01830. Support
            for this work was provided by the Department of Energy Office
            of Biological and Environmental Research, Office of Basic
            Energy Sciences, and the Office of Advanced Scientific Computing.


           Job information
           ---------------

    hostname        = ja10
    program         = /home/workspace/jochena/nwchem/nwchem-svn/bin/LINUX64/nwchem
    date            = Tue Jan 26 12:27:07 2016

    compiled        = Tue_Jan_26_11:45:20_2016
    source          = /home/workspace/jochena/nwchem/nwchem-svn
    nwchem branch   = Development
    nwchem revision = 27992
    ga revision     = 10629
    input           = h2o-response.nw
    prefix          = h2o-response.
    data base       = ./h2o-response.db
    status          = startup
    nproc           =        2
    time left       =     -1s



           Memory information
           ------------------

    heap     =     655358 doubles =      5.0 Mbytes
    stack    =    3014651 doubles =     23.0 Mbytes
    global   =    5242880 doubles =     40.0 Mbytes (distinct from heap & stack)
    total    =    8912889 doubles =     68.0 Mbytes
    verify   = yes
    hardfail = no 


           Directory information
           ---------------------
 
  0 permanent = .
  0 scratch   = .
 
 
 
 
                                NWChem Input Module
                                -------------------
 
 
 C2V symmetry detected

          ------
          auto-z
          ------
 
 
                             Geometry "geometry" -> ""
                             -------------------------
 
 Output coordinates in a.u. (scale by  1.000000000 to convert to a.u.)
 
  No.       Tag          Charge          X              Y              Z
 ---- ---------------- ---------- -------------- -------------- --------------
    1 O                    8.0000     0.00000000     0.00000000     0.22140000
    2 H                    1.0000    -1.43000000     0.00000000    -0.88560000
    3 H                    1.0000     1.43000000     0.00000000    -0.88560000
 
      Atomic Mass 
      ----------- 
 
      O                 15.994910
      H                  1.007825
 

 Effective nuclear repulsion energy (a.u.)       9.1971984402

            Nuclear Dipole moment (a.u.) 
            ----------------------------
        X                 Y               Z
 ---------------- ---------------- ----------------
     0.0000000000     0.0000000000     0.0000000000
 
      Symmetry information
      --------------------
 
 Group name             C2v       
 Group number             16
 Group order               4
 No. of unique centers     2
 
      Symmetry unique atoms
 
     1    2
 


                                Z-matrix (autoz)
                                -------- 

 Units are Angstrom for bonds and degrees for angles
 
      Type          Name      I     J     K     L     M      Value
      ----------- --------  ----- ----- ----- ----- ----- ----------
    1 Stretch                  1     2                       0.95697
    2 Stretch                  1     3                       0.95697
    3 Bend                     2     1     3               104.51124
 
 
            XYZ format geometry
            -------------------
     3
 geometry
 O                     0.00000000     0.00000000     0.11715984
 H                    -0.75672347     0.00000000    -0.46863937
 H                     0.75672347     0.00000000    -0.46863937
 
 ==============================================================================
                                internuclear distances
 ------------------------------------------------------------------------------
       center one      |      center two      | atomic units |       a.u.
 ------------------------------------------------------------------------------
    2 H                |   1 O                |     1.80841  |     1.80841
    3 H                |   1 O                |     1.80841  |     1.80841
 ------------------------------------------------------------------------------
                         number of included internuclear distances:          2
 ==============================================================================



 ==============================================================================
                                 internuclear angles
 ------------------------------------------------------------------------------
        center 1       |       center 2       |       center 3       |  degrees
 ------------------------------------------------------------------------------
    2 H                |   1 O                |   3 H                |   104.51
 ------------------------------------------------------------------------------
                            number of included internuclear angles:          1
 ==============================================================================



  library name resolved from: environment
  library file name is: <
 /home/workspace/jochena/nwchem/nwchem-svn/src/basis/libraries/>
  
                      Basis "ao basis" -> "" (cartesian)
                      -----
  O (Oxygen)
  ----------
            Exponent  Coefficients 
       -------------- ---------------------------------------------------------
  1 S  5.48467170E+03  0.001831
  1 S  8.25234950E+02  0.013950
  1 S  1.88046960E+02  0.068445
  1 S  5.29645000E+01  0.232714
  1 S  1.68975700E+01  0.470193
  1 S  5.79963530E+00  0.358521
 
  2 S  1.55396160E+01 -0.110778
  2 S  3.59993360E+00 -0.148026
  2 S  1.01376180E+00  1.130767
 
  3 P  1.55396160E+01  0.070874
  3 P  3.59993360E+00  0.339753
  3 P  1.01376180E+00  0.727159
 
  4 S  2.70005800E-01  1.000000
 
  5 P  2.70005800E-01  1.000000
 
  6 D  8.00000000E-01  1.000000
 
  H (Hydrogen)
  ------------
            Exponent  Coefficients 
       -------------- ---------------------------------------------------------
  1 S  1.87311370E+01  0.033495
  1 S  2.82539370E+00  0.234727
  1 S  6.40121700E-01  0.813757
 
  2 S  1.61277800E-01  1.000000
 


 Summary of "ao basis" -> "" (cartesian)
 ------------------------------------------------------------------------------
       Tag                 Description            Shells   Functions and Types
 ---------------- ------------------------------  ------  ---------------------
 O                           6-31g*                  6       15   3s2p1d
 H                           6-31g*                  2        2   2s


                              NWChem Property Module
                              ----------------------
 
 
 
                                 NWChem DFT Module
                                 -----------------
 
 


 Summary of "ao basis" -> "ao basis" (cartesian)
 ------------------------------------------------------------------------------
       Tag                 Description            Shells   Functions and Types
 ---------------- ------------------------------  ------  ---------------------
 O                           6-31g*                  6       15   3s2p1d
 H                           6-31g*                  2        2   2s


  Caching 1-el integrals 
 
            General Information
            -------------------
          SCF calculation type: DFT
          Wavefunction type:  closed shell.
          No. of atoms     :     3
          No. of electrons :    10
           Alpha electrons :     5
            Beta electrons :     5
          Charge           :     0
          Spin multiplicity:     1
          Use of symmetry is: off; symmetry adaption is: off
          Maximum number of iterations:  30
          AO basis - number of functions:    19
                     number of shells:    10
          Convergence on energy requested:  1.00D-06
          Convergence on density requested:  1.00D-05
          Convergence on gradient requested:  5.00D-04
 
              XC Information
              --------------
                         B3LYP Method XC Potential
                     Hartree-Fock (Exact) Exchange  0.200          
                        Slater Exchange Functional  0.800 local    
                    Becke 1988 Exchange Functional  0.720 non-local
              Lee-Yang-Parr Correlation Functional  0.810          
                  VWN I RPA Correlation Functional  0.190 local    
 
             Grid Information
             ----------------
          Grid used for XC integration:  medium    
          Radial quadrature: Mura-Knowles        
          Angular quadrature: Lebedev. 
          Tag              B.-S. Rad. Rad. Pts. Rad. Cut. Ang. Pts.
          ---              ---------- --------- --------- ---------
          O                   0.60       49           5.0       434
          H                   0.35       45           6.0       434
          Grid pruning is: on 
          Number of quadrature shells:   139
          Spatial weights used:  Erf1
 
          Convergence Information
          -----------------------
          Convergence aids based upon iterative change in 
          total energy or number of iterations. 
          Levelshifting, if invoked, occurs when the 
          HOMO/LUMO gap drops below (HL_TOL):  1.00D-02
          DIIS, if invoked, will attempt to extrapolate 
          using up to (NFOCK): 10 stored Fock matrices.

                    Damping( 0%)  Levelshifting(0.5)       DIIS
                  --------------- ------------------- ---------------
          dE  on:    start            ASAP                start   
          dE off:    2 iters         30 iters            30 iters 

 
      Screening Tolerance Information
      -------------------------------
          Density screening/tol_rho:  1.00D-10
          AO Gaussian exp screening on grid/accAOfunc:  14
          CD Gaussian exp screening on grid/accCDfunc:  20
          XC Gaussian exp screening on grid/accXCfunc:  20
          Schwarz screening/accCoul:  1.00D-08

 
      Superposition of Atomic Density Guess
      -------------------------------------
 
 Sum of atomic energies:         -75.75081731
 
      Non-variational initial energy
      ------------------------------

 Total energy =     -75.919952
 1-e energy   =    -121.737767
 2-e energy   =      36.620616
 HOMO         =      -0.470482
 LUMO         =       0.114886
 
   Time after variat. SCF:      0.3
   Time prior to 1st pass:      0.3

 #quartets = 1.540D+03 #integrals = 8.874D+03 #direct =  0.0% #cached =100.0%


 Integral file          = ./h2o-response.aoints.0
 Record size in doubles =  65536        No. of integs per rec  =  43688
 Max. records in memory =      2        Max. records in file   = 447439
 No. of bits per label  =      8        No. of bits per value  =     64


File balance: exchanges=     0  moved=     0  time=   0.0


 Grid_pts file          = ./h2o-response.gridpts.0
 Record size in doubles =  12289        No. of grid_pts per rec  =   3070
 Max. records in memory =     12        Max. recs in file   =   2386155


           Memory utilization after 1st SCF pass: 
           Heap Space remaining (MW):        0.38              375190
          Stack Space remaining (MW):        3.01             3014420

   convergence    iter        energy       DeltaE   RMS-Dens  Diis-err    time
 ---------------- ----- ----------------- --------- --------- ---------  ------
 d= 0,ls=0.0,diis     1    -76.3720025434 -8.56D+01  4.04D-02  3.79D-01     0.4
 d= 0,ls=0.0,diis     2    -76.3684718104  3.53D-03  1.97D-02  4.52D-01     0.4
 d= 0,ls=0.0,diis     3    -76.4076771210 -3.92D-02  2.62D-03  1.17D-02     0.4
 d= 0,ls=0.0,diis     4    -76.4086905012 -1.01D-03  2.34D-04  7.17D-05     0.5
 d= 0,ls=0.0,diis     5    -76.4086975079 -7.01D-06  1.00D-05  4.20D-08     0.5
  Resetting Diis
 d= 0,ls=0.0,diis     6    -76.4086975135 -5.58D-09  1.76D-06  1.10D-09     0.5


         Total DFT energy =      -76.408697513508
      One electron energy =     -123.133673450294
           Coulomb energy =       46.882414819929
    Exchange-Corr. energy =       -9.354637323341
 Nuclear repulsion energy =        9.197198440198

 Numeric. integr. density =       10.000001202295

     Total iterative time =      0.3s


 
                       DFT Final Molecular Orbital Analysis
                       ------------------------------------
 
 Vector    1  Occ=2.000000D+00  E=-1.913569D+01
              MO Center= -9.6D-15, -5.8D-15,  1.2D-01, r^2= 1.5D-02
   Bfn.  Coefficient  Atom+Function         Bfn.  Coefficient  Atom+Function  
  ----- ------------  ---------------      ----- ------------  ---------------
     1      0.992846  1 O  s          
 
 Vector    2  Occ=2.000000D+00  E=-1.002246D+00
              MO Center= -4.1D-12, -6.5D-12, -9.1D-02, r^2= 5.0D-01
   Bfn.  Coefficient  Atom+Function         Bfn.  Coefficient  Atom+Function  
  ----- ------------  ---------------      ----- ------------  ---------------
     2      0.468951  1 O  s                  6      0.434595  1 O  s          
     1     -0.209264  1 O  s          
 
 Vector    3  Occ=2.000000D+00  E=-5.230559D-01
              MO Center= -4.2D-12, -5.4D-13, -1.1D-01, r^2= 7.8D-01
   Bfn.  Coefficient  Atom+Function         Bfn.  Coefficient  Atom+Function  
  ----- ------------  ---------------      ----- ------------  ---------------
     3      0.518746  1 O  px                 7      0.267073  1 O  px         
    16     -0.238857  2 H  s                 18      0.238857  3 H  s          
 
 Vector    4  Occ=2.000000D+00  E=-3.712455D-01
              MO Center=  3.0D-12,  5.5D-12,  2.0D-01, r^2= 6.9D-01
   Bfn.  Coefficient  Atom+Function         Bfn.  Coefficient  Atom+Function  
  ----- ------------  ---------------      ----- ------------  ---------------
     5      0.554247  1 O  pz                 6      0.409767  1 O  s          
     9      0.374731  1 O  pz                 2      0.176580  1 O  s          
 
 Vector    5  Occ=2.000000D+00  E=-2.917579D-01
              MO Center= -2.3D-13,  4.8D-12,  9.6D-02, r^2= 6.0D-01
   Bfn.  Coefficient  Atom+Function         Bfn.  Coefficient  Atom+Function  
  ----- ------------  ---------------      ----- ------------  ---------------
     4      0.644212  1 O  py                 8      0.506427  1 O  py         
 
 Vector    6  Occ=0.000000D+00  E= 6.595808D-02
              MO Center=  5.8D-12, -2.5D-12, -6.2D-01, r^2= 2.4D+00
   Bfn.  Coefficient  Atom+Function         Bfn.  Coefficient  Atom+Function  
  ----- ------------  ---------------      ----- ------------  ---------------
     6      1.285922  1 O  s                 17     -0.981823  2 H  s          
    19     -0.981823  3 H  s                  9     -0.472770  1 O  pz         
     5     -0.273579  1 O  pz         
 
 Vector    7  Occ=0.000000D+00  E= 1.525120D-01
              MO Center=  4.6D-11, -6.3D-14, -5.7D-01, r^2= 2.5D+00
   Bfn.  Coefficient  Atom+Function         Bfn.  Coefficient  Atom+Function  
  ----- ------------  ---------------      ----- ------------  ---------------
    17      1.302542  2 H  s                 19     -1.302542  3 H  s          
     7      0.766984  1 O  px                 3      0.409200  1 O  px         
 
 Vector    8  Occ=0.000000D+00  E= 7.810388D-01
              MO Center=  1.7D-11, -5.7D-14, -1.3D-01, r^2= 1.6D+00
   Bfn.  Coefficient  Atom+Function         Bfn.  Coefficient  Atom+Function  
  ----- ------------  ---------------      ----- ------------  ---------------
    16      0.842166  2 H  s                 18     -0.842166  3 H  s          
    17     -0.615354  2 H  s                 19      0.615354  3 H  s          
     7      0.479617  1 O  px                12      0.341739  1 O  dxz        
     3      0.166943  1 O  px         
 
 Vector    9  Occ=0.000000D+00  E= 8.699788D-01
              MO Center= -9.7D-11,  7.1D-10, -9.8D-02, r^2= 1.3D+00
   Bfn.  Coefficient  Atom+Function         Bfn.  Coefficient  Atom+Function  
  ----- ------------  ---------------      ----- ------------  ---------------
     5      0.765777  1 O  pz                16      0.658905  2 H  s          
    18      0.658905  3 H  s                 17     -0.496485  2 H  s          
    19     -0.496485  3 H  s                  9     -0.461904  1 O  pz         
    10      0.176825  1 O  dxx        
 
 Vector   10  Occ=0.000000D+00  E= 8.909123D-01
              MO Center= -6.6D-16, -2.2D-09,  1.1D-01, r^2= 1.1D+00
   Bfn.  Coefficient  Atom+Function         Bfn.  Coefficient  Atom+Function  
  ----- ------------  ---------------      ----- ------------  ---------------
     8     -1.038439  1 O  py                 4      0.959677  1 O  py         
 
 Vector   11  Occ=0.000000D+00  E= 8.958849D-01
              MO Center=  4.3D-11,  1.6D-09,  2.1D-01, r^2= 1.5D+00
   Bfn.  Coefficient  Atom+Function         Bfn.  Coefficient  Atom+Function  
  ----- ------------  ---------------      ----- ------------  ---------------
     6      1.340083  1 O  s                  2     -0.820134  1 O  s          
     9      0.806993  1 O  pz                16      0.550576  2 H  s          
    18      0.550576  3 H  s                  5     -0.485207  1 O  pz         
    17     -0.413356  2 H  s                 19     -0.413356  3 H  s          
    13     -0.332147  1 O  dyy               15     -0.269920  1 O  dzz        
 
 Vector   12  Occ=0.000000D+00  E= 1.069428D+00
              MO Center=  2.0D-11, -3.5D-14,  8.7D-02, r^2= 1.5D+00
   Bfn.  Coefficient  Atom+Function         Bfn.  Coefficient  Atom+Function  
  ----- ------------  ---------------      ----- ------------  ---------------
     7      1.637701  1 O  px                 3     -0.993311  1 O  px         
    17      0.955101  2 H  s                 19     -0.955101  3 H  s          
 
 Vector   13  Occ=0.000000D+00  E= 1.192265D+00
              MO Center= -2.8D-11, -4.5D-11, -3.7D-01, r^2= 1.4D+00
   Bfn.  Coefficient  Atom+Function         Bfn.  Coefficient  Atom+Function  
  ----- ------------  ---------------      ----- ------------  ---------------
     6      3.663311  1 O  s                  2     -1.480311  1 O  s          
     9     -1.089926  1 O  pz                17     -0.801199  2 H  s          
    19     -0.801199  3 H  s                 10     -0.658913  1 O  dxx        
     5      0.392608  1 O  pz                15     -0.392474  1 O  dzz        
    16     -0.334895  2 H  s                 18     -0.334895  3 H  s          
 
 Vector   14  Occ=0.000000D+00  E= 1.729016D+00
              MO Center=  1.2D-13, -9.0D-13,  1.7D-01, r^2= 6.2D-01
   Bfn.  Coefficient  Atom+Function         Bfn.  Coefficient  Atom+Function  
  ----- ------------  ---------------      ----- ------------  ---------------
    15      1.009735  1 O  dzz               10     -0.580882  1 O  dxx        
    13     -0.360551  1 O  dyy                6     -0.262265  1 O  s          
 
 Vector   15  Occ=0.000000D+00  E= 1.743086D+00
              MO Center=  4.4D-13,  4.8D-13,  1.2D-01, r^2= 6.1D-01
   Bfn.  Coefficient  Atom+Function         Bfn.  Coefficient  Atom+Function  
  ----- ------------  ---------------      ----- ------------  ---------------
    11      1.732051  1 O  dxy        
 

 center of mass
 --------------
 x =   0.00000000 y =   0.00000000 z =   0.09751021

 moments of inertia (a.u.)
 ------------------
           2.193637940261           0.000000000000           0.000000000000
           0.000000000000           6.315440625261           0.000000000000
           0.000000000000           0.000000000000           4.121802685000
 
     Multipole analysis of the density
     ---------------------------------
 
     L   x y z        total         alpha         beta         nuclear
     -   - - -        -----         -----         ----         -------
     0   0 0 0     -0.000000     -5.000000     -5.000000     10.000000
 
     1   1 0 0      0.000000      0.000000      0.000000      0.000000
     1   0 1 0     -0.000000     -0.000000     -0.000000      0.000000
     1   0 0 1     -0.817656     -0.408828     -0.408828      0.000000
 
     2   2 0 0     -3.170466     -3.630133     -3.630133      4.089800
     2   1 1 0     -0.000000     -0.000000     -0.000000      0.000000
     2   1 0 1     -0.000000     -0.000000     -0.000000      0.000000
     2   0 2 0     -5.338444     -2.669222     -2.669222      0.000000
     2   0 1 1      0.000000      0.000000      0.000000      0.000000
     2   0 0 2     -4.465672     -3.213195     -3.213195      1.960718
 

 Parallel integral file used       2 records with       0 large values

 *** CALLING NEW AORESP DRIVER FOR CLOSED AND OPEN SHELLS ***
 Entering AOResponse driver routine


--------------------------------------------------------------------------------

          ****************
          *** RESPONSE ***
          ****************

 Response module for NWChem and dynamic CPKS solver
 developed by J. Autschbach and coworkers, SUNY Buffalo
 The methodology used in this program is described in 
 ChemPhysChem 12 (2011), 3224-3235 (main reference)
 J. Chem. Phys. 123 (2005), 114103
 J. Chem. Phys. 122 (2005), 224115
 J. Chem. Phys. 122 (2005), 074105
 Comp. Lett. 3 (2007), 131-150 (contact JA for a copy)
 Please cite this work in publications based on results
 obtained with this code. Thank you!

 For extension of response module to open shell
 calculations please acknowledge:
 F. Aquino, Northwestern University, Schatz Rsrch Group
 The update to the methodology is described in
 J. Phys. Chem. A 118 (2014) 517-525



          -----------------------------------------------
          Solving response equations for perturbing field
          -----------------------------------------------

 number of frequencies:     1
 frequency in a.u.:  0.9112671E-01
 Perturbing field: electric
 Using El. Dipole Velocity Gauge
 
 Applying DAMPING constant of  0.007000 a.u.
 
 Setting up CPKS
 with frequency omega =      0.09112671 a.u.
 and a damping of            0.00700000 a.u.

 
                            NWChem Dynamic CPHF Module
                            --------------------------
 
 
    scftype = RHF 
    nclosed =    5
      nopen =    0
  variables =      280
  num. vecs =        3
  tolerance =   1.0D-06
  max. iter =   60


 #quartets = 1.540D+03 #integrals = 8.874D+03 #direct =  0.0% #cached =100.0%


 Integral file          = ./h2o-response.aoints.0
 Record size in doubles =  65536        No. of integs per rec  =  43688
 Max. records in memory =      2        Max. records in file   = 447439
 No. of bits per label  =      8        No. of bits per value  =     64


File balance: exchanges=     0  moved=     0  time=   0.0

 SCF residual:   3.404388318603675E-006


Iterative solution of linear equations
  No. of variables      140
  No. of equations        3
  Maximum subspace       30
       Convergence  1.0D-06
        Start time      1.2


   iter   nsub   residual    time 
   ----  ------  --------  --------- 
 dft_CPHF2_read: failed to open./h2o-response.aoresp_fiao_f1
     1      3    7.62D+01       1.4
     2      6    8.47D+00       1.7
     3      9    3.60D+00       2.0
     4     12    4.11D-01       2.3
     5     15    1.17D-01       2.6
     6     18    1.16D-02       2.8
     7     21    5.00D-04       3.1
     8     24    5.71D-05       3.4
     9     27    1.63D-05       3.6
    10     27    5.30D-06       3.9
    11     27    4.15D-05       4.2
    12     27    1.62D-06       4.4
    13     27    1.58D-06       4.7
    14     27    7.05D-07       4.9

 Parallel integral file used       2 records with       0 large values

 Setting up CPKS
 with frequency omega =      0.00000000 a.u.
 and a damping of            0.00700000 a.u.

 STATIC response

 
                            NWChem Dynamic CPHF Module
                            --------------------------
 
 
    scftype = RHF 
    nclosed =    5
      nopen =    0
  variables =      140
  num. vecs =        3
  tolerance =   1.0D-06
  max. iter =   60


 #quartets = 1.540D+03 #integrals = 8.874D+03 #direct =  0.0% #cached =100.0%


 Integral file          = ./h2o-response.aoints.0
 Record size in doubles =  65536        No. of integs per rec  =  43688
 Max. records in memory =      2        Max. records in file   = 447439
 No. of bits per label  =      8        No. of bits per value  =     64


File balance: exchanges=     0  moved=     0  time=   0.0

 SCF residual:   3.404388318603675E-006


Iterative solution of linear equations
  No. of variables       70
  No. of equations        3
  Maximum subspace       30
       Convergence  1.0D-06
        Start time      5.0


   iter   nsub   residual    time 
   ----  ------  --------  --------- 
 dft_CPHF2_read: failed to open./h2o-response.aoresp_fiao_f2
     1      3    7.60D+01       5.1
     2      6    8.20D+00       5.3
     3      9    1.08D+00       5.4
     4     12    5.60D-02       5.6
     5     15    2.15D-03       5.7
     6     18    1.43D-05       5.9
     7     21    7.65D-07       6.0

 Parallel integral file used       2 records with       0 large values


 Electric Dipole Response Matrix (nonzero elements):

              1        2        3      
    1    6.9021   0.0000   0.0000
    2   -0.0000   3.8937   0.0000
    3   -0.0000   0.0000   6.1244
 
 Imaginary part:

              1        2        3      
    1   -4.1961   0.0000   0.0000
    2   -0.0000  -2.2075  -0.0000
    3   -0.0000   0.0000  -3.5077

 ------------------------------------------
 average:         5.64008 + I      -3.30377


 DFT Linear Response polarizability / au 
 Frequency  =       0.0911267 / au
 Wavelength =     500.0000000 / nm
              X              Y              Z
 -----------------------------------------------
 X       6.9020708      0.0000070      0.0000030
 Y      -0.0000019      3.8937384      0.0000017
 Z      -0.0000021      0.0000036      6.1244179
 -----------------------------------------------
 Eigenvalues =       6.9020708      3.8937384      6.1244179
 Isotropic   =       5.6400757
 Anisotropic =       2.2083733
 -----------------------------------------------

 Magnetic Dipole Response Matrix (nonzero elements):
 Optical rotation tensor Beta

              1        2        3      
    1   -0.0000   0.7436   0.0000
    2    1.4413  -0.0000  -0.0000
    3   -0.0000  -0.0000  -0.0000
 
 Imaginary part:

              1        2        3      
    1   -0.0000  -0.3584  -0.0000
    2    0.0853  -0.0000  -0.0000
    3    0.0000  -0.0000  -0.0000

 ------------------------------------------
 average:        -0.00000 + I      -0.00000

 Exiting AOResponse driver routine

          -------------
          Dipole Moment
          -------------

 Center of charge (in au) is the expansion point
         X =       0.0000000 Y =       0.0000000 Z =       0.0000000

   Dipole moment        0.8176563100 A.U.
             DMX        0.0000000000 DMXEFC        0.0000000000
             DMY       -0.0000000000 DMYEFC        0.0000000000
             DMZ       -0.8176563100 DMZEFC        0.0000000000
   -EFC- dipole         0.0000000000 A.U.
   Total dipole         0.8176563100 A.U.

   Dipole moment        2.0782907467 Debye(s)
             DMX        0.0000000001 DMXEFC        0.0000000000
             DMY       -0.0000000000 DMYEFC        0.0000000000
             DMZ       -2.0782907467 DMZEFC        0.0000000000
   -EFC- dipole         0.0000000000 DEBYE(S)
   Total dipole         2.0782907467 DEBYE(S)

 1 a.u. = 2.541766 Debyes 

 Task  times  cpu:        5.3s     wall:        5.8s
 
 
                                NWChem Input Module
                                -------------------
 
 
 Summary of allocated global arrays
-----------------------------------
  No active global arrays



                         GA Statistics for process    0
                         ------------------------------

       create   destroy   get      put      acc     scatter   gather  read&inc
calls: 2251     2251     3.35e+05 2.26e+05 1.16e+05 1505        0      840     
number of processes/call 1.03e+00 1.04e+00 1.23e+00 0.00e+00 0.00e+00
bytes total:             7.94e+07 8.63e+06 4.24e+07 8.00e+01 0.00e+00 6.72e+03
bytes remote:            3.93e+06 1.46e+06 1.24e+07 0.00e+00 0.00e+00 0.00e+00
Max memory consumed for GA by this process: 326816 bytes
 
MA_summarize_allocated_blocks: starting scan ...
MA_summarize_allocated_blocks: scan completed: 0 heap blocks, 0 stack blocks
MA usage statistics:

	allocation statistics:
					      heap	     stack
					      ----	     -----
	current number of blocks	         0	         0
	maximum number of blocks	        26	        51
	current total bytes		         0	         0
	maximum total bytes		   2241232	  22510520
	maximum total K-bytes		      2242	     22511
	maximum total M-bytes		         3	        23
 
 
                                     CITATION
                                     --------
                Please cite the following reference when publishing
                           results obtained with NWChem:
 
                 M. Valiev, E.J. Bylaska, N. Govind, K. Kowalski,
              T.P. Straatsma, H.J.J. van Dam, D. Wang, J. Nieplocha,
                        E. Apra, T.L. Windus, W.A. de Jong
                 "NWChem: a comprehensive and scalable open-source
                  solution for large scale molecular simulations"
                      Comput. Phys. Commun. 181, 1477 (2010)
                           doi:10.1016/j.cpc.2010.04.018
 
                                      AUTHORS
                                      -------
          E. Apra, E. J. Bylaska, W. A. de Jong, N. Govind, K. Kowalski,
       T. P. Straatsma, M. Valiev, H. J. J. van Dam, D. Wang, T. L. Windus,
        J. Hammond, J. Autschbach, K. Bhaskaran-Nair, J. Brabec, K. Lopata,
       S. A. Fischer, S. Krishnamoorthy, W. Ma, M. Klemm, O. Villa, Y. Chen,
    V. Anisimov, F. Aquino, S. Hirata, M. T. Hackler, T. Risthaus, M. Malagoli,
       A. Marenich, A. Otero-de-la-Roza, J. Mullin, P. Nichols, R. Peverati,
     J. Pittner, Y. Zhao, P.-D. Fan, A. Fonari, M. Williamson, R. J. Harrison,
       J. R. Rehr, M. Dupuis, D. Silverstein, D. M. A. Smith, J. Nieplocha,
        V. Tipparaju, M. Krishnan, B. E. Van Kuiken, A. Vazquez-Mayagoitia,
        L. Jensen, M. Swart, Q. Wu, T. Van Voorhis, A. A. Auer, M. Nooijen,
      L. D. Crosby, E. Brown, G. Cisneros, G. I. Fann, H. Fruchtl, J. Garza,
        K. Hirao, R. A. Kendall, J. A. Nichols, K. Tsemekhman, K. Wolinski,
     J. Anchell, D. E. Bernholdt, P. Borowski, T. Clark, D. Clerc, H. Dachsel,
   M. J. O. Deegan, K. Dyall, D. Elwood, E. Glendening, M. Gutowski, A. C. Hess,
         J. Jaffe, B. G. Johnson, J. Ju, R. Kobayashi, R. Kutteh, Z. Lin,
   R. Littlefield, X. Long, B. Meng, T. Nakajima, S. Niu, L. Pollack, M. Rosing,
   K. Glaesemann, G. Sandrone, M. Stave, H. Taylor, G. Thomas, J. H. van Lenthe,
                               A. T. Wong, Z. Zhang.

 Total times  cpu:        5.3s     wall:        6.0s
