 argument  1 = h2o.nw



============================== echo of input deck ==============================
echo
start h2o

memory global 40 mb stack 23 mb heap 5 mb

permanent_dir ./perm
scratch_dir ./data
geometry units au
 O 0       0        0
 H 0       1.430   -1.107
 H 0      -1.430   -1.107
end


basis
  O library 6-31g*
  H library 6-31g*
end

scf
 rohf
 singlet
end

rism
 closure kh
 tol 0.1e-6
 temp 298
 vdw rule arithmetic parameters vdw.par
 solute configuration solute2.data
 solvent model solvent3.data rdf full.data
#solvent permittivity 3.0
 ngrid 4096
end
task dft  energy rism

================================================================================


                                         
                                         


              Northwest Computational Chemistry Package (NWChem) 6.5
              ------------------------------------------------------


                    Environmental Molecular Sciences Laboratory
                       Pacific Northwest National Laboratory
                                Richland, WA 99352

                              Copyright (c) 1994-2013
                       Pacific Northwest National Laboratory
                            Battelle Memorial Institute

             NWChem is an open-source computational chemistry package
                        distributed under the terms of the
                      Educational Community License (ECL) 2.0
             A copy of the license is included with this distribution
                              in the LICENSE.TXT file

                                  ACKNOWLEDGMENT
                                  --------------

            This software and its documentation were developed at the
            EMSL at Pacific Northwest National Laboratory, a multiprogram
            national laboratory, operated for the U.S. Department of Energy
            by Battelle under Contract Number DE-AC05-76RL01830. Support
            for this work was provided by the Department of Energy Office
            of Biological and Environmental Research, Office of Basic
            Energy Sciences, and the Office of Advanced Scientific Computing.


           Job information
           ---------------

    hostname        = chuev
    program         = nwchem
    date            = Thu Aug  6 07:07:11 2015

    compiled        = Thu_Aug_06_06:59:22_2015
    source          = /home/gena/codes/nwchem
    nwchem branch   = Development
    nwchem revision = 27227
    ga revision     = 10568
    input           = h2o.nw
    prefix          = h2o.
    data base       = ./perm/h2o.db
    status          = startup
    nproc           =        1
    time left       =     -1s



           Memory information
           ------------------

    heap     =     655360 doubles =      5.0 Mbytes
    stack    =    3014653 doubles =     23.0 Mbytes
    global   =    5242880 doubles =     40.0 Mbytes (distinct from heap & stack)
    total    =    8912893 doubles =     68.0 Mbytes
    verify   = yes
    hardfail = no 


           Directory information
           ---------------------

  0 permanent = ./perm
  0 scratch   = ./data




                                NWChem Input Module
                                -------------------


 C2V symmetry detected

          ------
          auto-z
          ------


                             Geometry "geometry" -> ""
                             -------------------------

 Output coordinates in a.u. (scale by  1.000000000 to convert to a.u.)

  No.       Tag          Charge          X              Y              Z
 ---- ---------------- ---------- -------------- -------------- --------------
    1 O                    8.0000     0.00000000     0.00000000     0.22140000
    2 H                    1.0000    -1.43000000     0.00000000    -0.88560000
    3 H                    1.0000     1.43000000     0.00000000    -0.88560000

      Atomic Mass 
      ----------- 

      O                 15.994910
      H                  1.007825


 Effective nuclear repulsion energy (a.u.)       9.1971984402

            Nuclear Dipole moment (a.u.) 
            ----------------------------
        X                 Y               Z
 ---------------- ---------------- ----------------
     0.0000000000     0.0000000000     0.0000000000

      Symmetry information
      --------------------

 Group name             C2v       
 Group number             16
 Group order               4
 No. of unique centers     2

      Symmetry unique atoms

     1    2



                                Z-matrix (autoz)
                                -------- 

 Units are Angstrom for bonds and degrees for angles

      Type          Name      I     J     K     L     M      Value
      ----------- --------  ----- ----- ----- ----- ----- ----------
    1 Stretch                  1     2                       0.95697
    2 Stretch                  1     3                       0.95697
    3 Bend                     2     1     3               104.51124


            XYZ format geometry
            -------------------
     3
 geometry
 O                     0.00000000     0.00000000     0.11715984
 H                    -0.75672347     0.00000000    -0.46863937
 H                     0.75672347     0.00000000    -0.46863937

 ==============================================================================
                                internuclear distances
 ------------------------------------------------------------------------------
       center one      |      center two      | atomic units |       a.u.
 ------------------------------------------------------------------------------
    2 H                |   1 O                |     1.80841  |     1.80841
    3 H                |   1 O                |     1.80841  |     1.80841
 ------------------------------------------------------------------------------
                         number of included internuclear distances:          2
 ==============================================================================



 ==============================================================================
                                 internuclear angles
 ------------------------------------------------------------------------------
        center 1       |       center 2       |       center 3       |  degrees
 ------------------------------------------------------------------------------
    2 H                |   1 O                |   3 H                |   104.51
 ------------------------------------------------------------------------------
                            number of included internuclear angles:          1
 ==============================================================================



                      Basis "ao basis" -> "" (cartesian)
                      -----
  O (Oxygen)
  ----------
            Exponent  Coefficients 
       -------------- ---------------------------------------------------------
  1 S  5.48467170E+03  0.001831
  1 S  8.25234950E+02  0.013950
  1 S  1.88046960E+02  0.068445
  1 S  5.29645000E+01  0.232714
  1 S  1.68975700E+01  0.470193
  1 S  5.79963530E+00  0.358521

  2 S  1.55396160E+01 -0.110778
  2 S  3.59993360E+00 -0.148026
  2 S  1.01376180E+00  1.130767

  3 P  1.55396160E+01  0.070874
  3 P  3.59993360E+00  0.339753
  3 P  1.01376180E+00  0.727159

  4 S  2.70005800E-01  1.000000

  5 P  2.70005800E-01  1.000000

  6 D  8.00000000E-01  1.000000

  H (Hydrogen)
  ------------
            Exponent  Coefficients 
       -------------- ---------------------------------------------------------
  1 S  1.87311370E+01  0.033495
  1 S  2.82539370E+00  0.234727
  1 S  6.40121700E-01  0.813757

  2 S  1.61277800E-01  1.000000



 Summary of "ao basis" -> "" (cartesian)
 ------------------------------------------------------------------------------
       Tag                 Description            Shells   Functions and Types
 ---------------- ------------------------------  ------  ---------------------
 O                           6-31g*                  6       15   3s2p1d
 H                           6-31g*                  2        2   2s


 ****************************************************
 *   NWChem 1D-RISM Module                          *
 *                                                  *
 *   Marat Valiev and Gennady N. Chuev 2011         *
 ****************************************************
                  1D-RISM Calculation Parameters
                  ------------------------------
Number of grid points           4096
Closure type                    kh              
VDW combination rule            arithmetic      
Solvent permittivity             1.000    
Coulomb decay length             1.000    
Convergence tolerance           0.1000E-06
Mixing parameter                 0.000    
Temperature                      298.0    
Diis iterations                    9
Solvent rdf file                full.data                                                               
Solute configuration file       solute2.data                                                            
                       Solute configuration
                       --------------------
name type       x           y           z           sigma       eps         charge
O1   O1         0.155667   -0.860695    1.925632    3.066000    0.880900   -0.732310
O2   O2         2.313025   -0.615505    1.328693    2.960000    0.879200   -0.772125
C1   C1         0.692523   -1.269426   -0.348149    3.400000    0.458000   -0.444420
C2   C2         1.159677   -0.885318    1.026428    3.400000    0.360100    1.004562
H1   H1         0.228620   -2.261607   -0.310111    2.115000    0.065700    0.130396
H2   H2        -0.081705   -0.566546   -0.678347    2.115000    0.065700    0.151321
H3   H3         1.531381   -1.283512   -1.046441    2.115000    0.065700    0.145452
H4   H4         0.486809   -0.663628    2.835513    0.800000    0.192600    0.517125
 node   0:   calling rism wrapper
 node   0:   rism_wrapper 1
 node   0:   rism_wrapper 2
 node   0:   rism_wrapper 3
 node   0:   getting ready for main rism
 starting iterations
                    2                    2   2.2770649464430428     
                    3                    3   1.1849107429689298     
                    4                    4   1.2850838192143856     
                    5                    5   1.4780351443816035     
                    6                    6   2.0409699593510453     
                    7                    7   2.9093377588103340     
                    8                    8   4.3602276955332249     
                    9                    9   6.6416566911017494     
                   10                    9   10.616300625570048     
                   11                    9  0.10677068595922766     
                   12                    9   9.0392788688269096E-002
                   13                    9   7.5190924485944902E-002
                   14                    9   7.3309426741750283E-002
                   15                    9   8.3222742133634287E-002
                   16                    9   9.1929601091637947E-002
                   17                    9   9.3521105617597369E-002
                   18                    9   9.1954770130055777E-002
                   19                    9   6.1968286552573006E-002
                   20                    9   4.0057812054040187E-002
                   21                    9   3.9112689608916965E-002
                   22                    9   2.7941627445691359E-002
                   23                    9   2.2763749060257431E-002
                   24                    9   2.3548545315752716E-002
                   25                    9   2.2643696141264297E-002
                   26                    9   2.1350745418827904E-002
                   27                    9   2.0696153680317752E-002
                   28                    9   1.8945043443151101E-002
                   29                    9   1.9853562762511216E-002
                   30                    9   1.4732888939428318E-002
                   31                    9   1.3710963897417947E-002
                   32                    9   1.3142084527556282E-002
                   33                    9   1.2859055154943662E-002
                   34                    9   1.3143071918704478E-002
                   35                    9   1.3561439305792195E-002
                   36                    9   1.3932916244342288E-002
                   37                    9   1.4331731359029038E-002
                   38                    9   1.4290975588367012E-002
                   39                    9   1.3550972238170277E-002
                   40                    9   1.2668149657243161E-002
                   41                    9   1.1445821076916404E-002
                   42                    9   1.2193935694359554E-002
                   43                    9   1.1728270078995996E-002
                   44                    9   9.9077496198679976E-003
                   45                    9   7.9132794664607837E-003
                   46                    9   6.5416920862397775E-003
                   47                    9   5.4273481224528181E-003
                   48                    9   6.3573376355676465E-003
                   49                    9   5.6649303952437400E-003
                   50                    9   5.1078331818719125E-003
                   51                    9   4.7765725633926595E-003
                   52                    9   4.7320435603536931E-003
                   53                    9   4.6792380616080655E-003
                   54                    9   4.3436236956362383E-003
                   55                    9   4.5260400479149830E-003
                   56                    9   4.5754624913734165E-003
                   57                    9   4.1275768873639939E-003
                   58                    9   4.2201725007081064E-003
                   59                    9   4.1437963019260726E-003
                   60                    9   3.9860595522417282E-003
                   61                    9   3.9448832651019028E-003
                   62                    9   3.9622637897808984E-003
                   63                    9   4.0107223717616930E-003
                   64                    9   4.0951243079539032E-003
                   65                    9   4.1819896937998532E-003
                   66                    9   4.0244621261940044E-003
                   67                    9   3.8913930452900408E-003
                   68                    9   4.4800363498152893E-003
                   69                    9   4.1018009640474591E-003
                   70                    9   4.2850923701956813E-003
                   71                    9   4.2625895209345852E-003
                   72                    9   4.3367645598334477E-003
                   73                    9   4.4089005890991847E-003
                   74                    9   4.4488300966836871E-003
                   75                    9   4.6174554050935771E-003
                   76                    9   4.4020427955345819E-003
                   77                    9   3.2465673889703912E-003
                   78                    9   4.2636261619575519E-003
                   79                    9   3.9115445999660780E-003
                   80                    9   4.3114817059770952E-003
                   81                    9   4.2343008172053007E-003
                   82                    9   4.3134634875787742E-003
                   83                    9   4.4542440485839585E-003
                   84                    9   4.4653589147898637E-003
                   85                    9   3.8398957918430901E-003
                   86                    9   3.7477109890272074E-003
                   87                    9   3.1867481088774826E-003
                   88                    9   3.7462446596692690E-003
                   89                    9   3.0224765698787081E-003
                   90                    9   2.5658705428482260E-003
                   91                    9   2.4538500380523838E-003
                   92                    9   2.2557511452461691E-003
                   93                    9   2.1776428646436492E-003
                   94                    9   2.2084265985887956E-003
                   95                    9   2.0934945388168618E-003
                   96                    9   1.9902627903868124E-003
                   97                    9   1.6585483636222180E-003
                   98                    9   1.4891830093933887E-003
                   99                    9   1.2731665849098877E-003
                  100                    9   1.0390320204735526E-003
                  101                    9   8.5093647122505708E-004
                  102                    9   8.5866167641295823E-004
                  103                    9   6.7712790385342214E-004
                  104                    9   5.5082813133565628E-004
                  105                    9   5.1968756130458952E-004
                  106                    9   4.3430001709505414E-004
                  107                    9   3.6230996488034078E-004
                  108                    9   3.5626200796712808E-004
                  109                    9   3.3053773524094278E-004
                  110                    9   3.2634898882702499E-004
                  111                    9   2.9560974865045907E-004
                  112                    9   2.8288736729854510E-004
                  113                    9   2.6227031528474850E-004
                  114                    9   1.8091237649229112E-004
                  115                    9   1.2056187474702251E-004
                  116                    9   8.9534886781022637E-005
                  117                    9   6.9883955402573754E-005
                  118                    9   5.7704152826808556E-005
                  119                    9   5.5438820585201216E-005
                  120                    9   5.6210622955991044E-005
                  121                    9   5.5820185123824491E-005
                  122                    9   5.7971220329224576E-005
                  123                    9   5.8984826375709252E-005
                  124                    9   5.7741410029076544E-005
                  125                    9   5.7261429233714028E-005
                  126                    9   5.9017106824158996E-005
                  127                    9   6.2753544951730809E-005
                  128                    9   6.0737249820689056E-005
                  129                    9   6.1996686589761493E-005
                  130                    9   6.0443447142365632E-005
                  131                    9   5.6402810197921339E-005
                  132                    9   5.3643504622125174E-005
                  133                    9   5.3335113930374178E-005
                  134                    9   5.2858322652933960E-005
                  135                    9   5.1094771077184527E-005
                  136                    9   5.4566476257125709E-005
                  137                    9   5.3761934256213579E-005
                  138                    9   5.2388818770014699E-005
                  139                    9   5.3586263795004691E-005
                  140                    9   5.2722407091605517E-005
                  141                    9   4.9366924178209216E-005
                  142                    9   3.5870672352786904E-005
                  143                    9   3.4463304733972911E-005
                  144                    9   2.9992762973318714E-005
                  145                    9   2.5603507986587499E-005
                  146                    9   1.9510687720791655E-005
                  147                    9   1.3434882487192128E-005
                  148                    9   1.0884579572798482E-005
                  149                    9   9.2530704475604923E-006
                  150                    9   8.5900383269475159E-006
                  151                    9   7.5205348614389125E-006
                  152                    9   4.8399717648048218E-006
                  153                    9   3.8412797463098311E-006
                  154                    9   3.5513877773521408E-006
                  155                    9   3.3908786765523783E-006
                  156                    9   3.2685302131901720E-006
                  157                    9   3.0939246089534724E-006
                  158                    9   2.4616926737591047E-006
                  159                    9   2.1591686727847234E-006
                  160                    9   2.3374282916179627E-006
                  161                    9   1.9312871443399766E-006
                  162                    9   1.6781254785460586E-006
                  163                    9   1.1260665005687137E-006
                  164                    9   6.6909295519009774E-007
                  165                    9   4.5462443767024376E-007
                  166                    9   3.7112889072433717E-007
                  167                    9   3.2601236683683546E-007
                  168                    9   3.2373251084492039E-007
                  169                    9   3.2314660928559909E-007
                  170                    9   2.8809373321592121E-007
                  171                    9   3.0993856522317848E-007
                  172                    9   3.0717972202662291E-007
                  173                    9   2.8487008564052586E-007
                  174                    9   2.7024689595911842E-007
                  175                    9   2.5828461997180295E-007
                  176                    9   2.5679668292762374E-007
                  177                    9   2.4839326881841876E-007
                  178                    9   2.6774411922992757E-007
                  179                    9   2.6053785990470064E-007
                  180                    9   2.4670802641277822E-007
                  181                    9   2.5244935302163931E-007
                  182                    9   2.4829788509858280E-007
                  183                    9   2.4231982342300297E-007
                  184                    9   1.9272890955023522E-007
                  185                    9   1.7059020935189368E-007
                  186                    9   1.4108713303432278E-007
                  187                    9   1.1848626573583571E-007
                  188                    9   9.3575959276164081E-008
Chemical potential(hnc approximation)       -12.7987
Chemical potential(gaussian approximation)  -15.0710
 node   0:   completed task rism

 Task  times  cpu:       41.5s     wall:       22.7s
 Summary of allocated global arrays
-----------------------------------
  No active global arrays



                         GA Statistics for process    0
                         ------------------------------

       create   destroy   get      put      acc     scatter   gather  read&inc
calls:    0        0        0        0        0        0        0        0     
number of processes/call 0.00e+00 0.00e+00 0.00e+00 0.00e+00 0.00e+00
bytes total:             0.00e+00 0.00e+00 0.00e+00 0.00e+00 0.00e+00 0.00e+00
bytes remote:            0.00e+00 0.00e+00 0.00e+00 0.00e+00 0.00e+00 0.00e+00
Max memory consumed for GA by this process: 0 bytes
MA_summarize_allocated_blocks: starting scan ...
MA_summarize_allocated_blocks: scan completed: 0 heap blocks, 0 stack blocks
MA usage statistics:

	allocation statistics:
					      heap	     stack
					      ----	     -----
	current number of blocks	         0	         0
	maximum number of blocks	        42	         6
	current total bytes		         0	         0
	maximum total bytes		   2169128	      3016
	maximum total K-bytes		      2170	         4
	maximum total M-bytes		         3	         1


                                NWChem Input Module
                                -------------------





                                     CITATION
                                     --------
                Please cite the following reference when publishing
                           results obtained with NWChem:

                 M. Valiev, E.J. Bylaska, N. Govind, K. Kowalski,
              T.P. Straatsma, H.J.J. van Dam, D. Wang, J. Nieplocha,
                        E. Apra, T.L. Windus, W.A. de Jong
                 "NWChem: a comprehensive and scalable open-source
                  solution for large scale molecular simulations"
                      Comput. Phys. Commun. 181, 1477 (2010)
                           doi:10.1016/j.cpc.2010.04.018

                                      AUTHORS
                                      -------
          E. Apra, E. J. Bylaska, W. A. de Jong, N. Govind, K. Kowalski,
       T. P. Straatsma, M. Valiev, H. J. J. van Dam, D. Wang, T. L. Windus,
        J. Hammond, J. Autschbach, K. Bhaskaran-Nair, J. Brabec, K. Lopata,
        S. Krishnamoorthy, W. Ma, M. Klemm, O. Villa, Y. Chen, V. Anisimov,
    F. Aquino, S. Hirata, M. T. Hackler, T. Risthaus, M. Malagoli, A. Marenich,
   A. Otero-de-la-Roza, J. Mullin, P. Nichols, R. Peverati, J. Pittner, Y. Zhao,
          P.-D. Fan, A. Fonari, M. Williamson, R. J. Harrison, M. Dupuis,
     D. Silverstein, D. M. A. Smith, J. Nieplocha, V. Tipparaju, M. Krishnan,
       B. E. Van Kuiken, A. Vazquez-Mayagoitia, L. Jensen, M. Swart, Q. Wu,
   T. Van Voorhis, A. A. Auer, M. Nooijen, L. D. Crosby, E. Brown, G. Cisneros,
     G. I. Fann, H. Fruchtl, J. Garza, K. Hirao, R. A. Kendall, J. A. Nichols,
       K. Tsemekhman, K. Wolinski, J. Anchell, D. E. Bernholdt, P. Borowski,
       T. Clark, D. Clerc, H. Dachsel, M. J. O. Deegan, K. Dyall, D. Elwood,
      E. Glendening, M. Gutowski, A. C. Hess, J. Jaffe, B. G. Johnson, J. Ju,
        R. Kobayashi, R. Kutteh, Z. Lin, R. Littlefield, X. Long, B. Meng,
      T. Nakajima, S. Niu, L. Pollack, M. Rosing, K. Glaesemann, G. Sandrone,
      M. Stave, H. Taylor, G. Thomas, J. H. van Lenthe, A. T. Wong, Z. Zhang.

 Total times  cpu:       41.7s     wall:       22.8s
